Distribution, Target, Actual, Dropped, Never Sent, Median, 90th, 99th, 99.9th, 99.99th, Start, StartTsc
zero, 129606, 129606, 0, 1721, 14.0, 17.0, 19.0, 116.0, 209.0, 1761045752, 36530909127421260
zero, 254076, 254076, 0, 3499, 14.0, 18.0, 21.0, 134.0, 216.0, 1761045770, 36530951309101528
zero, 378595, 378595, 0, 5261, 13.0, 18.0, 20.0, 147.0, 227.0, 1761045788, 36530993750933424
zero, 503273, 503273, 0, 7037, 12.0, 18.0, 21.0, 157.0, 235.0, 1761045805, 36531036457318940
zero, 627788, 627788, 0, 8635, 11.0, 16.0, 20.0, 152.0, 229.0, 1761045823, 36531079413920745
zero, 752278, 752278, 0, 10578, 11.0, 16.0, 21.0, 158.0, 233.0, 1761045841, 36531122734042416
zero, 877088, 877088, 0, 12699, 11.0, 17.0, 22.0, 167.0, 236.0, 1761045860, 36531166742711560
zero, 1001484, 1001484, 0, 14471, 11.0, 16.0, 22.0, 171.0, 239.0, 1761045878, 36531211111227462
zero, 1127397, 1127397, 0, 16765, 11.0, 15.0, 22.0, 181.0, 247.0, 1761045897, 36531256424024541
zero, 1251283, 1251283, 0, 18237, 11.0, 15.0, 21.0, 187.0, 249.0, 1761045917, 36531302554726038
zero, 1375874, 1375874, 0, 20535, 12.0, 15.0, 19.0, 199.0, 255.0, 1761045936, 36531349070270631
zero, 1501093, 1501093, 0, 22128, 12.0, 15.0, 20.0, 209.0, 261.0, 1761045956, 36531396247339920
zero, 1624878, 1624878, 0, 24500, 12.0, 15.0, 20.0, 202.0, 263.0, 1761045976, 36531444493003389
zero, 1751480, 1751480, 0, 26450, 12.0, 16.0, 20.0, 211.0, 271.0, 1761045996, 36531493291495044
zero, 1875256, 1875256, 0, 29105, 13.0, 16.0, 21.0, 212.0, 267.0, 1761046017, 36531542277199164
zero, 1999076, 1999076, 0, 32124, 13.0, 17.0, 22.0, 222.0, 271.0, 1761046037, 36531592119048834
zero, 2123854, 2123854, 0, 35006, 14.0, 18.0, 32.0, 240.0, 326.0, 1761046059, 36531642501831795
zero, 2249552, 2249552, 0, 35711, 14.0, 18.0, 25.0, 262.0, 311.0, 1761046080, 36531693700787715
zero, 2371367, 2371367, 0, 40311, 15.0, 19.0, 28.0, 230.0, 281.0, 1761046102, 36531745587180882
zero, 2496508, 2496508, 0, 44641, 16.0, 22.0, 80.0, 266.0, 316.0, 1761046124, 36531798192133632
[389.107396] CPU 12| <5> init: shutting down -> SUCCESS